[bot.emirkabal.com/index.html]
[backblue.gif]
[fade.gif]
[index.html]
[external.html]
[bot.emirkabal.com/altyapi/css/font-awesome.min.css]
[bot.emirkabal.com/altyapi/css/bootstrap.min.css]
[bot.emirkabal.com/altyapi/css/settings.css]
[bot.emirkabal.com/altyapi/css/layers.css]
[bot.emirkabal.com/altyapi/css/navigation.css]
[bot.emirkabal.com/altyapi/css/owl.carousel.min.css]
[bot.emirkabal.com/altyapi/css/style.css]
[bot.emirkabal.com/altyapi/css/responsive.css]
[cdn.sendpulse.com/js/push/27f578ccda984d671390d47e12a598f0_1.js]
[pagead2.googlesyndication.com/pagead/js/f.txt]
[bot.emirkabal.com/altyapi/img/logo.png]
[bot.emirkabal.com/panel.html]
[bot.emirkabal.com/irtibat.html]
[bot.emirkabal.com/komutlar.html]
[bot.emirkabal.com/altyapi/img/home-slider/slider-m-1.png]
[bot.emirkabal.com/altyapi/img/icon/title-icon.png]
[bot.emirkabal.com/altyapi/img/icon/f-icon-3.png]
[bot.emirkabal.com/altyapi/img/icon/f-icon-1.png]
[bot.emirkabal.com/altyapi/img/icon/f-icon-4.png]
[bot.emirkabal.com/altyapi/img/icon/f-icon-6.png]
[bot.emirkabal.com/altyapi/img/icon/f-icon-5.png]
[bot.emirkabal.com/altyapi/img/icon/f-icon-2.png]
[images.dmca.com/Badges/dmca-badge-w100-5x1-100293.png]
[images.dmca.com/Badges/DMCABadgeHelper.min.zip]
[bot.emirkabal.com/altyapi/js/f4s5r84.js]
[bot.emirkabal.com/altyapi/js/jquery-3.2.1.min.js]
[bot.emirkabal.com/altyapi/js/popper.min.js]
[bot.emirkabal.com/altyapi/js/bootstrap.min.js]
[bot.emirkabal.com/altyapi/js/jquery.themepunch-tools.min.js]
[bot.emirkabal.com/altyapi/js/jquery.themepunch-revolution.min.js]
[bot.emirkabal.com/altyapi/js/extensions/revolution.extension.actions.min.js]
[bot.emirkabal.com/altyapi/js/extensions/revolution.extension.video.min.js]
[bot.emirkabal.com/altyapi/js/extensions/revolution.extension.slideanims.min.js]
[bot.emirkabal.com/altyapi/js/extensions/revolution.extension.layeranimation.min.js]
[bot.emirkabal.com/altyapi/js/extensions/revolution.extension.navigation.min.js]
[bot.emirkabal.com/altyapi/js/jquery.waypoints.min.js]
[bot.emirkabal.com/altyapi/js/jquery.counterup.min.js]
[bot.emirkabal.com/altyapi/js/apear.js]
[bot.emirkabal.com/altyapi/js/countto.js]
[bot.emirkabal.com/altyapi/js/owl.carousel.min.js]
[bot.emirkabal.com/altyapi/js/jquery.magnific-popup.min.js]
[bot.emirkabal.com/altyapi/js/custom.js]
[bot.emirkabal.com/altyapi/js/smoothscroll.js]
[bot.emirkabal.com/altyapi/js/theme.js]
[bot.emirkabal.com/index.html]
[bot.emirkabal.com/altyapi/fonts/fontawesome-webfont3e6e.eot]
[bot.emirkabal.com/altyapi/fonts/fontawesome-webfontd41d.eot]
[bot.emirkabal.com/altyapi/fonts/fontawesome-webfont3e6e.woff2]
[bot.emirkabal.com/altyapi/fonts/fontawesome-webfont3e6e.woff]
[bot.emirkabal.com/altyapi/fonts/fontawesome-webfont3e6e.ttf]
[bot.emirkabal.com/altyapi/css/font-awesome.min.css]
[bot.emirkabal.com/altyapi/css/bootstrap.min.css]
[bot.emirkabal.com/altyapi/fonts/fontawesome-webfont3e6e.svg]
[bot.emirkabal.com/altyapi/fonts/revicons/revicons90c6.html]
[bot.emirkabal.com/altyapi/fonts/revicons/revicons90c6-2.html]
[bot.emirkabal.com/altyapi/fonts/revicons/revicons90c6-3.html]
[bot.emirkabal.com/altyapi/fonts/revicons/revicons90c6-4.html]
[bot.emirkabal.com/altyapi/css/openhand.html]
[bot.emirkabal.com/altyapi/css/closedhand.html]
[bot.emirkabal.com/altyapi/assets/gridtile.html]
[bot.emirkabal.com/altyapi/assets/gridtile_white.html]
[bot.emirkabal.com/altyapi/assets/gridtile_3x3.html]
[bot.emirkabal.com/altyapi/assets/gridtile_3x3_white.html]
[bot.emirkabal.com/altyapi/css/settings.css]
[bot.emirkabal.com/altyapi/assets/coloredbg.html]
[bot.emirkabal.com/altyapi/css/layers.css]
[bot.emirkabal.com/altyapi/css/navigation.css]
[bot.emirkabal.com/altyapi/assets/loader.html]
[bot.emirkabal.com/altyapi/css/owl.carousel.min.css]
[bot.emirkabal.com/altyapi/css/owl.video.play.html]
[bot.emirkabal.com/altyapi/img/banner/banner-bg.png]
[bot.emirkabal.com/altyapi/img/banner/banner-bg-2.jpg]
[bot.emirkabal.com/altyapi/img/home-slider/slider-bg-1.png]
[bot.emirkabal.com/altyapi/img/3d-shap.png]
[bot.emirkabal.com/altyapi/img/service-bg.html]
[bot.emirkabal.com/altyapi/img/3d-slider-shap.png]
[bot.emirkabal.com/altyapi/img/footer-bg.jpg]
[bot.emirkabal.com/altyapi/css/style.css]
[bot.emirkabal.com/altyapi/css/responsive.css]
[bot.emirkabal.com/altyapi/img/searchicon.png]
[bootswatch.com/4/cyborg/bootstrap.min.css]
[maxcdn.bootstrapcdn.com/font-awesome/4.7.0/css/font-awesome.min.css]
[bot.emirkabal.com/altyapi/css/popup.css]
[code.jquery.com/jquery-3.2.1.min.js]
[cdn.datatables.net/v/bs4/dt-1.10.16/cr-1.4.1/r-2.2.0/datatables.min.js]
[cdnjs.cloudflare.com/ajax/libs/popper.js/1.11.0/umd/popper.min.js]
[maxcdn.bootstrapcdn.com/bootstrap/4.0.0-beta/js/bootstrap.min.js]
[cdnjs.cloudflare.com/ajax/libs/moment.js/2.19.1/moment.min.js]
[bot.emirkabal.com/altyapi/dash/main.js]
[bot.emirkabal.com/altyapi/css/dashboard.css]
[emirkabal.com/pub/assets/images/profile.png]
[bot.emirkabal.com/panel.html]
[bot.emirkabal.com/komutlar.html]
[bot.emirkabal.com/cdn-cgi/l/email-protection.html]
[bot.emirkabal.com/cdn-cgi/scripts/5c5dd728/cloudflare-static/email-decode.min.js]
[bot.emirkabal.com/irtibat.html]
[bot.emirkabal.com/altyapi/fonts/fontawesome-webfont3e6e.svg]
[bot.emirkabal.com/altyapi/fonts/revicons/revicons90c6.html]
[bot.emirkabal.com/altyapi/fonts/revicons/revicons90c6-2.html]
[bot.emirkabal.com/altyapi/fonts/revicons/revicons90c6-3.html]
[bot.emirkabal.com/altyapi/fonts/revicons/revicons90c6-4.html]
[bot.emirkabal.com/altyapi/css/openhand.html]
[bot.emirkabal.com/altyapi/css/closedhand.html]
[bot.emirkabal.com/altyapi/assets/gridtile.html]
[bot.emirkabal.com/altyapi/assets/gridtile_white.html]
[bot.emirkabal.com/altyapi/assets/gridtile_3x3.html]
[bot.emirkabal.com/altyapi/assets/gridtile_3x3_white.html]
[bot.emirkabal.com/altyapi/assets/coloredbg.html]
[bot.emirkabal.com/altyapi/assets/loader.html]
[bot.emirkabal.com/altyapi/css/owl.video.play.html]
[bot.emirkabal.com/altyapi/img/service-bg.html]
[bootswatch.com/4/cyborg/bootstrap.min.css]
[maxcdn.bootstrapcdn.com/font-awesome/4.7.0/css/font-awesome.min.css]
[bot.emirkabal.com/altyapi/css/popup.css]
[bot.emirkabal.com/altyapi/css/dashboard.css]
[bot.emirkabal.com/cdn-cgi/l/email-protection.html]
